#
# There is insufficient memory for the Java Runtime Environment to continue.
# Native memory allocation (malloc) failed to allocate 1048576 bytes. Error detail: AllocateHeap
# Possible reasons:
#   The system is out of physical RAM or swap space
#   This process is running with CompressedOops enabled, and the Java Heap may be blocking the growth of the native heap
# Possible solutions:
#   Reduce memory load on the system
#   Increase physical memory or swap space
#   Check if swap backing store is full
#   Decrease Java heap size (-Xmx/-Xms)
#   Decrease number of Java threads
#   Decrease Java thread stack sizes (-Xss)
#   Set larger code cache with -XX:ReservedCodeCacheSize=
#   JVM is running with Unscaled Compressed Oops mode in which the Java heap is
#     placed in the first 4GB address space. The Java Heap base address is the
#     maximum limit for the native heap growth. Please use -XX:HeapBaseMinAddress
#     to set the Java Heap base and to place the Java Heap above 4GB virtual address.
# This output file may be truncated or incomplete.
#
#  Out of Memory Error (allocation.cpp:44), pid=21340, tid=4068
#
# JRE version: OpenJDK Runtime Environment Temurin-21.0.9+10 (21.0.9+10) (build 21.0.9+10-LTS)
# Java VM: OpenJDK 64-Bit Server VM Temurin-21.0.9+10 (21.0.9+10-LTS, mixed mode, sharing, tiered, compressed oops, compressed class ptrs, parallel gc, windows-amd64)
# No core dump will be written. Minidumps are not enabled by default on client versions of Windows
#

---------------  S U M M A R Y ------------

Command Line: --add-modules=ALL-SYSTEM --add-opens=java.base/java.util=ALL-UNNAMED --add-opens=java.base/java.lang=ALL-UNNAMED --add-opens=java.base/sun.nio.fs=ALL-UNNAMED -Declipse.application=org.eclipse.jdt.ls.core.id1 -Dosgi.bundles.defaultStartLevel=4 -Declipse.product=org.eclipse.jdt.ls.core.product -Djava.import.generatesMetadataFilesAtProjectRoot=false -DDetectVMInstallationsJob.disabled=true -Dfile.encoding=utf8 -XX:+UseParallelGC -XX:GCTimeRatio=4 -XX:AdaptiveSizePolicyWeight=90 -Dsun.zip.disableMemoryMapping=true -Xmx2G -Xms100m -Xlog:disable -javaagent:c:\Users\HP\.qoder\extensions\redhat.java-1.50.0-win32-x64\lombok\lombok-1.18.39-4050.jar -XX:+HeapDumpOnOutOfMemoryError -XX:HeapDumpPath=c:\Users\HP\AppData\Roaming\Qoder\User\workspaceStorage\e35be833d23475d6298164acce94fd9d\redhat.java -Daether.dependencyCollector.impl=bf c:\Users\HP\.qoder\extensions\redhat.java-1.50.0-win32-x64\server\plugins\org.eclipse.equinox.launcher_1.7.100.v20251111-0406.jar -configuration c:\Users\HP\AppData\Roaming\Qoder\User\globalStorage\redhat.java\1.50.0\config_win -data c:\Users\HP\AppData\Roaming\Qoder\User\workspaceStorage\e35be833d23475d6298164acce94fd9d\redhat.java\jdt_ws --pipe=\\.\pipe\lsp-7881cfe43fb3e10ab0662b03c1fd263a-sock

Host: AMD Ryzen 5 5500U with Radeon Graphics         , 12 cores, 7G,  Windows 11 , 64 bit Build 26100 (10.0.26100.7309)
Time: Mon Dec 22 06:09:10 2025 SE Asia Standard Time elapsed time: 13903.487793 seconds (0d 3h 51m 43s)

---------------  T H R E A D  ---------------

Current thread (0x000002887333d710):  JavaThread "Attach Listener" daemon [_thread_in_vm, id=4068, stack(0x00000091f7e00000,0x00000091f7f00000) (1024K)]

Stack: [0x00000091f7e00000,0x00000091f7f00000]
Native frames: (J=compiled Java code, j=interpreted, Vv=VM code, C=native code)
V  [jvm.dll+0x6d6e29]
V  [jvm.dll+0x8b4b76]
V  [jvm.dll+0x8b712e]
V  [jvm.dll+0x8b7813]
V  [jvm.dll+0x283d86]
V  [jvm.dll+0xc1277]
V  [jvm.dll+0x6d76d9]
V  [jvm.dll+0x133466]
V  [jvm.dll+0x3f7ea6]
V  [jvm.dll+0x85e9ad]
V  [jvm.dll+0x6d565d]
C  [ucrtbase.dll+0x37b0]
C  [KERNEL32.DLL+0x2e8d7]
C  [ntdll.dll+0x8c53c]


---------------  P R O C E S S  ---------------

Threads class SMR info:
_java_thread_list=0x000002887c4a7660, length=45, elements={
0x0000028819a4b4f0, 0x00000288199fcfc0, 0x0000028873332090, 0x0000028873339580,
0x000002887333d710, 0x000002887333e260, 0x000002887333ecb0, 0x0000028873340ef0,
0x00000288733c7090, 0x000002887358ce40, 0x0000028873697d80, 0x0000028878397e90,
0x0000028873ef1e30, 0x0000028873567e30, 0x00000288735694b0, 0x0000028873ccd730,
0x00000288783514b0, 0x0000028873ba1ec0, 0x0000028873b4c8a0, 0x0000028873b4c210,
0x0000028873b4bb80, 0x0000028873b4cf30, 0x000002887a9de410, 0x000002887a9e04e0,
0x000002887a9deaa0, 0x000002887a9dfe50, 0x000002887a9df7c0, 0x000002887a9dd060,
0x000002887a9df130, 0x000002887a9dd6f0, 0x000002887a9e0b70, 0x000002887a9e1200,
0x000002887a9ddd80, 0x000002887a9e3960, 0x000002887a9e1890, 0x000002887a9e32d0,
0x000002887afe0f50, 0x0000028873b4d5c0, 0x0000028873b4e970, 0x0000028878a4dff0,
0x0000028878a4b200, 0x000002887a9c0af0, 0x000002887a9be390, 0x000002887c0f42b0,
0x000002887c0f3590
}

Java Threads: ( => current thread )
  0x0000028819a4b4f0 JavaThread "main"                              [_thread_blocked, id=15660, stack(0x00000091f7700000,0x00000091f7800000) (1024K)]
  0x00000288199fcfc0 JavaThread "Reference Handler"          daemon [_thread_blocked, id=18224, stack(0x00000091f7b00000,0x00000091f7c00000) (1024K)]
  0x0000028873332090 JavaThread "Finalizer"                  daemon [_thread_blocked, id=26504, stack(0x00000091f7c00000,0x00000091f7d00000) (1024K)]
  0x0000028873339580 JavaThread "Signal Dispatcher"          daemon [_thread_blocked, id=19868, stack(0x00000091f7d00000,0x00000091f7e00000) (1024K)]
=>0x000002887333d710 JavaThread "Attach Listener"            daemon [_thread_in_vm, id=4068, stack(0x00000091f7e00000,0x00000091f7f00000) (1024K)]
  0x000002887333e260 JavaThread "Service Thread"             daemon [_thread_blocked, id=31128, stack(0x00000091f7f00000,0x00000091f8000000) (1024K)]
  0x000002887333ecb0 JavaThread "Monitor Deflation Thread"   daemon [_thread_blocked, id=17876, stack(0x00000091f8000000,0x00000091f8100000) (1024K)]
  0x0000028873340ef0 JavaThread "C2 CompilerThread0"         daemon [_thread_blocked, id=33404, stack(0x00000091f8100000,0x00000091f8200000) (1024K)]
  0x00000288733c7090 JavaThread "C1 CompilerThread0"         daemon [_thread_blocked, id=31192, stack(0x00000091f8200000,0x00000091f8300000) (1024K)]
  0x000002887358ce40 JavaThread "Common-Cleaner"             daemon [_thread_blocked, id=30212, stack(0x00000091f8400000,0x00000091f8500000) (1024K)]
  0x0000028873697d80 JavaThread "Notification Thread"        daemon [_thread_blocked, id=32096, stack(0x00000091f8500000,0x00000091f8600000) (1024K)]
  0x0000028878397e90 JavaThread "Active Thread: Equinox Container: 33d29661-56c4-44d4-8e74-060686a6961e"        [_thread_blocked, id=29572, stack(0x00000091f8c00000,0x00000091f8d00000) (1024K)]
  0x0000028873ef1e30 JavaThread "Refresh Thread: Equinox Container: 33d29661-56c4-44d4-8e74-060686a6961e" daemon [_thread_blocked, id=21372, stack(0x00000091f8300000,0x00000091f8400000) (1024K)]
  0x0000028873567e30 JavaThread "Framework Event Dispatcher: Equinox Container: 33d29661-56c4-44d4-8e74-060686a6961e" daemon [_thread_blocked, id=14456, stack(0x00000091f8e00000,0x00000091f8f00000) (1024K)]
  0x00000288735694b0 JavaThread "Start Level: Equinox Container: 33d29661-56c4-44d4-8e74-060686a6961e" daemon [_thread_blocked, id=28360, stack(0x00000091f8f00000,0x00000091f9000000) (1024K)]
  0x0000028873ccd730 JavaThread "Bundle File Closer"         daemon [_thread_blocked, id=27332, stack(0x00000091f9200000,0x00000091f9300000) (1024K)]
  0x00000288783514b0 JavaThread "SCR Component Actor"        daemon [_thread_blocked, id=14320, stack(0x00000091f9300000,0x00000091f9400000) (1024K)]
  0x0000028873ba1ec0 JavaThread "Worker-JM"                         [_thread_blocked, id=23388, stack(0x00000091f9500000,0x00000091f9600000) (1024K)]
  0x0000028873b4c8a0 JavaThread "Java indexing"              daemon [_thread_blocked, id=3896, stack(0x00000091f9800000,0x00000091f9900000) (1024K)]
  0x0000028873b4c210 JavaThread "JNA Cleaner"                daemon [_thread_blocked, id=29132, stack(0x00000091f9c00000,0x00000091f9d00000) (1024K)]
  0x0000028873b4bb80 JavaThread "Thread-1"                   daemon [_thread_in_native, id=22072, stack(0x00000091fa100000,0x00000091fa200000) (1024K)]
  0x0000028873b4cf30 JavaThread "Thread-2"                   daemon [_thread_in_native, id=6812, stack(0x00000091fa200000,0x00000091fa300000) (1024K)]
  0x000002887a9de410 JavaThread "Thread-3"                   daemon [_thread_in_native, id=32568, stack(0x00000091fa300000,0x00000091fa400000) (1024K)]
  0x000002887a9e04e0 JavaThread "Thread-4"                   daemon [_thread_in_native, id=30620, stack(0x00000091fa400000,0x00000091fa500000) (1024K)]
  0x000002887a9deaa0 JavaThread "Thread-5"                   daemon [_thread_in_native, id=7660, stack(0x00000091fa500000,0x00000091fa600000) (1024K)]
  0x000002887a9dfe50 JavaThread "Thread-6"                   daemon [_thread_in_native, id=11968, stack(0x00000091fa600000,0x00000091fa700000) (1024K)]
  0x000002887a9df7c0 JavaThread "Thread-7"                   daemon [_thread_in_native, id=22596, stack(0x00000091fa700000,0x00000091fa800000) (1024K)]
  0x000002887a9dd060 JavaThread "Thread-8"                   daemon [_thread_in_native, id=24196, stack(0x00000091fa800000,0x00000091fa900000) (1024K)]
  0x000002887a9df130 JavaThread "Thread-9"                   daemon [_thread_in_native, id=29152, stack(0x00000091fa900000,0x00000091faa00000) (1024K)]
  0x000002887a9dd6f0 JavaThread "Thread-10"                  daemon [_thread_in_native, id=23984, stack(0x00000091faa00000,0x00000091fab00000) (1024K)]
  0x000002887a9e0b70 JavaThread "Thread-11"                  daemon [_thread_in_native, id=22032, stack(0x00000091fab00000,0x00000091fac00000) (1024K)]
  0x000002887a9e1200 JavaThread "Thread-12"                  daemon [_thread_in_native, id=27100, stack(0x00000091fac00000,0x00000091fad00000) (1024K)]
  0x000002887a9ddd80 JavaThread "Thread-13"                  daemon [_thread_in_native, id=7708, stack(0x00000091fad00000,0x00000091fae00000) (1024K)]
  0x000002887a9e3960 JavaThread "pool-2-thread-1"                   [_thread_blocked, id=32996, stack(0x00000091fae00000,0x00000091faf00000) (1024K)]
  0x000002887a9e1890 JavaThread "WorkspaceEventsHandler"            [_thread_blocked, id=25340, stack(0x00000091fb000000,0x00000091fb100000) (1024K)]
  0x000002887a9e32d0 JavaThread "pool-1-thread-1"                   [_thread_blocked, id=23628, stack(0x00000091fb100000,0x00000091fb200000) (1024K)]
  0x000002887afe0f50 JavaThread "Cleaner-0"                  daemon [_thread_blocked, id=12924, stack(0x00000091fde00000,0x00000091fdf00000) (1024K)]
  0x0000028873b4d5c0 JavaThread "Java Debug Server"          daemon [_thread_in_native, id=9176, stack(0x00000091fd300000,0x00000091fd400000) (1024K)]
  0x0000028873b4e970 JavaThread "RxSchedulerPurge-1"         daemon [_thread_blocked, id=30304, stack(0x00000091f9600000,0x00000091f9700000) (1024K)]
  0x0000028878a4dff0 JavaThread "RxCachedWorkerPoolEvictor-1" daemon [_thread_blocked, id=11900, stack(0x00000091fd600000,0x00000091fd700000) (1024K)]
  0x0000028878a4b200 JavaThread "process reaper (pid 20104)" daemon [_thread_in_native, id=3864, stack(0x00000091f71c0000,0x00000091f71e0000) (128K)]
  0x000002887a9c0af0 JavaThread "pool-11-thread-3"                  [_thread_in_native, id=12896, stack(0x00000091f7500000,0x00000091f7600000) (1024K)]
  0x000002887a9be390 JavaThread "RxNewThreadScheduler-11"    daemon [_thread_blocked, id=23176, stack(0x00000091f9900000,0x00000091f9a00000) (1024K)]
  0x000002887c0f42b0 JavaThread "Worker-44"                         [_thread_blocked, id=8568, stack(0x00000091f9400000,0x00000091f9500000) (1024K)]
  0x000002887c0f3590 JavaThread "Worker-46"                         [_thread_blocked, id=2232, stack(0x00000091f7600000,0x00000091f7700000) (1024K)]
Total: 45

Other Threads:
  0x00000288199e2f70 VMThread "VM Thread"                           [id=13996, stack(0x00000091f7a00000,0x00000091f7b00000) (1024K)]
  0x00000288198dca00 WatcherThread "VM Periodic Task Thread"        [id=32636, stack(0x00000091f7900000,0x00000091f7a00000) (1024K)]
  0x0000028819a69850 WorkerThread "GC Thread#0"                     [id=11188, stack(0x00000091f7800000,0x00000091f7900000) (1024K)]
  0x0000028873e58960 WorkerThread "GC Thread#1"                     [id=9240, stack(0x00000091f8600000,0x00000091f8700000) (1024K)]
  0x0000028873ea3090 WorkerThread "GC Thread#2"                     [id=25688, stack(0x00000091f8700000,0x00000091f8800000) (1024K)]
  0x0000028873e58d00 WorkerThread "GC Thread#3"                     [id=15644, stack(0x00000091f8800000,0x00000091f8900000) (1024K)]
  0x0000028873e2b880 WorkerThread "GC Thread#4"                     [id=6700, stack(0x00000091f8900000,0x00000091f8a00000) (1024K)]
  0x0000028873e2bc20 WorkerThread "GC Thread#5"                     [id=32208, stack(0x00000091f8a00000,0x00000091f8b00000) (1024K)]
  0x0000028873e2bfc0 WorkerThread "GC Thread#6"                     [id=8296, stack(0x00000091f8b00000,0x00000091f8c00000) (1024K)]
  0x000002887338a460 WorkerThread "GC Thread#7"                     [id=33352, stack(0x00000091f8d00000,0x00000091f8e00000) (1024K)]
  0x0000028873972470 WorkerThread "GC Thread#8"                     [id=24424, stack(0x00000091f9000000,0x00000091f9100000) (1024K)]
  0x0000028873973690 WorkerThread "GC Thread#9"                     [id=2496, stack(0x00000091f9100000,0x00000091f9200000) (1024K)]
Total: 12

Threads with active compile tasks:
Total: 0

VM state: not at safepoint (normal execution)

VM Mutex/Monitor currently owned by a thread: None

Heap address: 0x0000000080000000, size: 2048 MB, Compressed Oops mode: 32-bit

CDS archive(s) mapped at: [0x0000028831000000-0x0000028831ba0000-0x0000028831ba0000), size 12189696, SharedBaseAddress: 0x0000028831000000, ArchiveRelocationMode: 1.
Compressed class space mapped at: 0x0000028832000000-0x0000028872000000, reserved size: 1073741824
Narrow klass base: 0x0000028831000000, Narrow klass shift: 0, Narrow klass range: 0x100000000

GC Precious Log:
 CardTable entry size: 512
 CPUs: 12 total, 12 available
 Memory: 7502M
 Large Page Support: Disabled
 NUMA Support: Disabled
 Compressed Oops: Enabled (32-bit)
 Alignments: Space 512K, Generation 512K, Heap 2M
 Heap Min Capacity: 100M
 Heap Initial Capacity: 100M
 Heap Max Capacity: 2G
 Pre-touch: Disabled
 Parallel Workers: 10

Heap:
 PSYoungGen      total 7680K, used 1586K [0x00000000d5580000, 0x00000000d5e80000, 0x0000000100000000)
  eden space 6144K, 19% used [0x00000000d5580000,0x00000000d56a4b10,0x00000000d5b80000)
  from space 1536K, 27% used [0x00000000d5b80000,0x00000000d5be8000,0x00000000d5d00000)
  to   space 1024K, 0% used [0x00000000d5d80000,0x00000000d5d80000,0x00000000d5e80000)
 ParOldGen       total 1391104K, used 1390977K [0x0000000080000000, 0x00000000d4e80000, 0x00000000d5580000)
  object space 1391104K, 99% used [0x0000000080000000,0x00000000d4e60418,0x00000000d4e80000)
 Metaspace       used 96758K, committed 98560K, reserved 1179648K
  class space    used 9797K, committed 10688K, reserved 1048576K

Card table byte_map: [0x00000288193f0000,0x0000028819800000] _byte_map_base: 0x0000028818ff0000

Marking Bits: (ParMarkBitMap*) 0x00007fff261a2460
 Begin Bits: [0x000002882bf00000, 0x000002882df00000)
 End Bits:   [0x000002882df00000, 0x000002882ff00000)

Polling page: 0x00000288178c0000

Metaspace:

Usage:
  Non-class:     84.92 MB used.
      Class:      9.57 MB used.
       Both:     94.49 MB used.

Virtual space:
  Non-class space:      128.00 MB reserved,      85.81 MB ( 67%) committed,  2 nodes.
      Class space:        1.00 GB reserved,      10.44 MB (  1%) committed,  1 nodes.
             Both:        1.12 GB reserved,      96.25 MB (  8%) committed. 

Chunk freelists:
   Non-Class:  9.69 MB
       Class:  5.67 MB
        Both:  15.36 MB

MaxMetaspaceSize: unlimited
CompressedClassSpaceSize: 1.00 GB
Initial GC threshold: 21.00 MB
Current GC threshold: 157.75 MB
CDS: on
 - commit_granule_bytes: 65536.
 - commit_granule_words: 8192.
 - virtual_space_node_default_size: 8388608.
 - enlarge_chunks_in_place: 1.
 - use_allocation_guard: 0.


Internal statistics:

num_allocs_failed_limit: 13.
num_arena_births: 1986.
num_arena_deaths: 526.
num_vsnodes_births: 3.
num_vsnodes_deaths: 0.
num_space_committed: 1542.
num_space_uncommitted: 2.
num_chunks_returned_to_freelist: 651.
num_chunks_taken_from_freelist: 6896.
num_chunk_merges: 167.
num_chunk_splits: 3970.
num_chunks_enlarged: 2201.
num_inconsistent_stats: 0.

CodeHeap 'non-profiled nmethods': size=120000Kb used=29299Kb max_used=29299Kb free=90700Kb
 bounds [0x0000028824720000, 0x00000288263c0000, 0x000002882bc50000]
CodeHeap 'profiled nmethods': size=120000Kb used=51132Kb max_used=58676Kb free=68868Kb
 bounds [0x000002881cc50000, 0x00000288205a0000, 0x0000028824180000]
CodeHeap 'non-nmethods': size=5760Kb used=1558Kb max_used=1637Kb free=4202Kb
 bounds [0x0000028824180000, 0x00000288243f0000, 0x0000028824720000]
CodeCache: size=245760Kb, used=81989Kb, max_used=89612Kb, free=163770Kb
 total_blobs=22712, nmethods=21832, adapters=778, full_count=0
Compilation: enabled, stopped_count=0, restarted_count=0

Compilation events (20 events):
Event: 9982.365 Thread 0x0000028873340ef0 30876       4       java.util.Collections::unmodifiableMap (22 bytes)
Event: 9982.368 Thread 0x0000028873340ef0 nmethod 30876 0x00000288263b9510 code [0x00000288263b96a0, 0x00000288263b97c8]
Event: 10226.435 Thread 0x0000028873340ef0 30877       4       org.eclipse.core.internal.dtree.DataTreeNode::storeStrings (28 bytes)
Event: 10226.630 Thread 0x0000028873340ef0 nmethod 30877 0x00000288263b9910 code [0x00000288263b9b00, 0x00000288263b9eb0]
Event: 10303.460 Thread 0x00000288733c7090 30878       1       org.eclipse.core.internal.resources.Workspace::getSaveManager (5 bytes)
Event: 10303.476 Thread 0x00000288733c7090 nmethod 30878 0x00000288263ba190 code [0x00000288263ba320, 0x00000288263ba3e8]
Event: 10304.235 Thread 0x0000028873340ef0 30879       4       java.io.ObjectStreamClass::isExternalizable (9 bytes)
Event: 10304.250 Thread 0x0000028873340ef0 nmethod 30879 0x00000288263ba490 code [0x00000288263ba620, 0x00000288263ba6d0]
Event: 10304.257 Thread 0x0000028873340ef0 30880   !   4       java.io.ObjectStreamClass::invokeWriteObject (79 bytes)
Event: 10304.367 Thread 0x00000288733c7090 30881   !   3       org.eclipse.m2e.core.internal.project.registry.ProjectRegistryReader$2::annotateClass (82 bytes)
Event: 10304.452 Thread 0x00000288733c7090 nmethod 30881 0x000002881d549690 code [0x000002881d549940, 0x000002881d54a300]
Event: 10304.452 Thread 0x00000288733c7090 30882       3       java.lang.invoke.LambdaForm$MH/0x0000028832774000::invoke (64 bytes)
Event: 10304.659 Thread 0x00000288733c7090 nmethod 30882 0x000002881f1f9a90 code [0x000002881f1f9d20, 0x000002881f1faaf0]
Event: 10304.739 Thread 0x0000028873340ef0 nmethod 30880 0x00000288263ba790 code [0x00000288263baba0, 0x00000288263bbde0]
Event: 10305.242 Thread 0x00000288733c7090 30884       3       org.eclipse.core.internal.events.BuildManager$DeltaCache::areEqual (18 bytes)
Event: 10305.253 Thread 0x00000288733c7090 nmethod 30884 0x000002881f88f110 code [0x000002881f88f2c0, 0x000002881f88f498]
Event: 10305.273 Thread 0x00000288733c7090 30885       3       org.eclipse.core.internal.events.ResourceChangeEvent::<init> (27 bytes)
Event: 10305.282 Thread 0x00000288733c7090 nmethod 30885 0x000002881fa82d10 code [0x000002881fa82ee0, 0x000002881fa831f8]
Event: 10305.282 Thread 0x00000288733c7090 30886   !   3       org.eclipse.core.internal.events.NotificationManager::broadcastChanges (153 bytes)
Event: 10305.320 Thread 0x00000288733c7090 nmethod 30886 0x000002881ea86b10 code [0x000002881ea86dc0, 0x000002881ea87ba0]

GC Heap History (20 events):
Event: 9682.609 GC heap before
{Heap before GC invocations=3855 (full 6):
 PSYoungGen      total 7680K, used 7600K [0x00000000d5580000, 0x00000000d6280000, 0x0000000100000000)
  eden space 6144K, 100% used [0x00000000d5580000,0x00000000d5b80000,0x00000000d5b80000)
  from space 1536K, 94% used [0x00000000d5c80000,0x00000000d5dec010,0x00000000d5e00000)
  to   space 3072K, 0% used [0x00000000d5f80000,0x00000000d5f80000,0x00000000d6280000)
 ParOldGen       total 1383424K, used 1383391K [0x0000000080000000, 0x00000000d4700000, 0x00000000d5580000)
  object space 1383424K, 99% used [0x0000000080000000,0x00000000d46f7dd8,0x00000000d4700000)
 Metaspace       used 96736K, committed 98560K, reserved 1179648K
  class space    used 9797K, committed 10688K, reserved 1048576K
}
Event: 9682.614 GC heap after
{Heap after GC invocations=3855 (full 6):
 PSYoungGen      total 7168K, used 784K [0x00000000d5580000, 0x00000000d6080000, 0x0000000100000000)
  eden space 6144K, 0% used [0x00000000d5580000,0x00000000d5580000,0x00000000d5b80000)
  from space 1024K, 76% used [0x00000000d5f80000,0x00000000d6044030,0x00000000d6080000)
  to   space 1536K, 0% used [0x00000000d5d80000,0x00000000d5d80000,0x00000000d5f00000)
 ParOldGen       total 1384960K, used 1384695K [0x0000000080000000, 0x00000000d4880000, 0x00000000d5580000)
  object space 1384960K, 99% used [0x0000000080000000,0x00000000d483ddf8,0x00000000d4880000)
 Metaspace       used 96736K, committed 98560K, reserved 1179648K
  class space    used 9797K, committed 10688K, reserved 1048576K
}
Event: 9683.088 GC heap before
{Heap before GC invocations=3856 (full 6):
 PSYoungGen      total 7168K, used 6928K [0x00000000d5580000, 0x00000000d6080000, 0x0000000100000000)
  eden space 6144K, 100% used [0x00000000d5580000,0x00000000d5b80000,0x00000000d5b80000)
  from space 1024K, 76% used [0x00000000d5f80000,0x00000000d6044030,0x00000000d6080000)
  to   space 1536K, 0% used [0x00000000d5d80000,0x00000000d5d80000,0x00000000d5f00000)
 ParOldGen       total 1384960K, used 1384695K [0x0000000080000000, 0x00000000d4880000, 0x00000000d5580000)
  object space 1384960K, 99% used [0x0000000080000000,0x00000000d483ddf8,0x00000000d4880000)
 Metaspace       used 96736K, committed 98560K, reserved 1179648K
  class space    used 9797K, committed 10688K, reserved 1048576K
}
Event: 9683.100 GC heap after
{Heap after GC invocations=3856 (full 6):
 PSYoungGen      total 7680K, used 1072K [0x00000000d5580000, 0x00000000d6000000, 0x0000000100000000)
  eden space 6144K, 0% used [0x00000000d5580000,0x00000000d5580000,0x00000000d5b80000)
  from space 1536K, 69% used [0x00000000d5d80000,0x00000000d5e8c010,0x00000000d5f00000)
  to   space 1024K, 0% used [0x00000000d5f00000,0x00000000d5f00000,0x00000000d6000000)
 ParOldGen       total 1385472K, used 1385327K [0x0000000080000000, 0x00000000d4900000, 0x00000000d5580000)
  object space 1385472K, 99% used [0x0000000080000000,0x00000000d48dbe38,0x00000000d4900000)
 Metaspace       used 96736K, committed 98560K, reserved 1179648K
  class space    used 9797K, committed 10688K, reserved 1048576K
}
Event: 9683.155 GC heap before
{Heap before GC invocations=3857 (full 6):
 PSYoungGen      total 7680K, used 7216K [0x00000000d5580000, 0x00000000d6000000, 0x0000000100000000)
  eden space 6144K, 100% used [0x00000000d5580000,0x00000000d5b80000,0x00000000d5b80000)
  from space 1536K, 69% used [0x00000000d5d80000,0x00000000d5e8c010,0x00000000d5f00000)
  to   space 1024K, 0% used [0x00000000d5f00000,0x00000000d5f00000,0x00000000d6000000)
 ParOldGen       total 1385472K, used 1385327K [0x0000000080000000, 0x00000000d4900000, 0x00000000d5580000)
  object space 1385472K, 99% used [0x0000000080000000,0x00000000d48dbe38,0x00000000d4900000)
 Metaspace       used 96736K, committed 98560K, reserved 1179648K
  class space    used 9797K, committed 10688K, reserved 1048576K
}
Event: 9683.160 GC heap after
{Heap after GC invocations=3857 (full 6):
 PSYoungGen      total 7168K, used 852K [0x00000000d5580000, 0x00000000d6000000, 0x0000000100000000)
  eden space 6144K, 0% used [0x00000000d5580000,0x00000000d5580000,0x00000000d5b80000)
  from space 1024K, 83% used [0x00000000d5f00000,0x00000000d5fd5200,0x00000000d6000000)
  to   space 1024K, 0% used [0x00000000d5e00000,0x00000000d5e00000,0x00000000d5f00000)
 ParOldGen       total 1386496K, used 1386237K [0x0000000080000000, 0x00000000d4a00000, 0x00000000d5580000)
  object space 1386496K, 99% used [0x0000000080000000,0x00000000d49bf700,0x00000000d4a00000)
 Metaspace       used 96736K, committed 98560K, reserved 1179648K
  class space    used 9797K, committed 10688K, reserved 1048576K
}
Event: 9683.205 GC heap before
{Heap before GC invocations=3858 (full 6):
 PSYoungGen      total 7168K, used 6996K [0x00000000d5580000, 0x00000000d6000000, 0x0000000100000000)
  eden space 6144K, 100% used [0x00000000d5580000,0x00000000d5b80000,0x00000000d5b80000)
  from space 1024K, 83% used [0x00000000d5f00000,0x00000000d5fd5200,0x00000000d6000000)
  to   space 1024K, 0% used [0x00000000d5e00000,0x00000000d5e00000,0x00000000d5f00000)
 ParOldGen       total 1386496K, used 1386237K [0x0000000080000000, 0x00000000d4a00000, 0x00000000d5580000)
  object space 1386496K, 99% used [0x0000000080000000,0x00000000d49bf700,0x00000000d4a00000)
 Metaspace       used 96743K, committed 98560K, reserved 1179648K
  class space    used 9797K, committed 10688K, reserved 1048576K
}
Event: 9683.211 GC heap after
{Heap after GC invocations=3858 (full 6):
 PSYoungGen      total 7168K, used 704K [0x00000000d5580000, 0x00000000d5f80000, 0x0000000100000000)
  eden space 6144K, 0% used [0x00000000d5580000,0x00000000d5580000,0x00000000d5b80000)
  from space 1024K, 68% used [0x00000000d5e00000,0x00000000d5eb0020,0x00000000d5f00000)
  to   space 512K, 0% used [0x00000000d5f00000,0x00000000d5f00000,0x00000000d5f80000)
 ParOldGen       total 1387008K, used 1386929K [0x0000000080000000, 0x00000000d4a80000, 0x00000000d5580000)
  object space 1387008K, 99% used [0x0000000080000000,0x00000000d4a6c6c8,0x00000000d4a80000)
 Metaspace       used 96743K, committed 98560K, reserved 1179648K
  class space    used 9797K, committed 10688K, reserved 1048576K
}
Event: 9683.236 GC heap before
{Heap before GC invocations=3859 (full 6):
 PSYoungGen      total 7168K, used 6848K [0x00000000d5580000, 0x00000000d5f80000, 0x0000000100000000)
  eden space 6144K, 100% used [0x00000000d5580000,0x00000000d5b80000,0x00000000d5b80000)
  from space 1024K, 68% used [0x00000000d5e00000,0x00000000d5eb0020,0x00000000d5f00000)
  to   space 512K, 0% used [0x00000000d5f00000,0x00000000d5f00000,0x00000000d5f80000)
 ParOldGen       total 1387008K, used 1386929K [0x0000000080000000, 0x00000000d4a80000, 0x00000000d5580000)
  object space 1387008K, 99% used [0x0000000080000000,0x00000000d4a6c6c8,0x00000000d4a80000)
 Metaspace       used 96743K, committed 98560K, reserved 1179648K
  class space    used 9797K, committed 10688K, reserved 1048576K
}
Event: 9683.240 GC heap after
{Heap after GC invocations=3859 (full 6):
 PSYoungGen      total 6656K, used 512K [0x00000000d5580000, 0x00000000d5f80000, 0x0000000100000000)
  eden space 6144K, 0% used [0x00000000d5580000,0x00000000d5580000,0x00000000d5b80000)
  from space 512K, 100% used [0x00000000d5f00000,0x00000000d5f80000,0x00000000d5f80000)
  to   space 1536K, 0% used [0x00000000d5c80000,0x00000000d5c80000,0x00000000d5e00000)
 ParOldGen       total 1388032K, used 1387665K [0x0000000080000000, 0x00000000d4b80000, 0x00000000d5580000)
  object space 1388032K, 99% used [0x0000000080000000,0x00000000d4b24728,0x00000000d4b80000)
 Metaspace       used 96743K, committed 98560K, reserved 1179648K
  class space    used 9797K, committed 10688K, reserved 1048576K
}
Event: 9683.282 GC heap before
{Heap before GC invocations=3860 (full 6):
 PSYoungGen      total 6656K, used 6656K [0x00000000d5580000, 0x00000000d5f80000, 0x0000000100000000)
  eden space 6144K, 100% used [0x00000000d5580000,0x00000000d5b80000,0x00000000d5b80000)
  from space 512K, 100% used [0x00000000d5f00000,0x00000000d5f80000,0x00000000d5f80000)
  to   space 1536K, 0% used [0x00000000d5c80000,0x00000000d5c80000,0x00000000d5e00000)
 ParOldGen       total 1388032K, used 1387665K [0x0000000080000000, 0x00000000d4b80000, 0x00000000d5580000)
  object space 1388032K, 99% used [0x0000000080000000,0x00000000d4b24728,0x00000000d4b80000)
 Metaspace       used 96743K, committed 98560K, reserved 1179648K
  class space    used 9797K, committed 10688K, reserved 1048576K
}
Event: 9683.288 GC heap after
{Heap after GC invocations=3860 (full 6):
 PSYoungGen      total 7680K, used 954K [0x00000000d5580000, 0x00000000d5f80000, 0x0000000100000000)
  eden space 6144K, 0% used [0x00000000d5580000,0x00000000d5580000,0x00000000d5b80000)
  from space 1536K, 62% used [0x00000000d5c80000,0x00000000d5d6e900,0x00000000d5e00000)
  to   space 1536K, 0% used [0x00000000d5e00000,0x00000000d5e00000,0x00000000d5f80000)
 ParOldGen       total 1388544K, used 1388153K [0x0000000080000000, 0x00000000d4c00000, 0x00000000d5580000)
  object space 1388544K, 99% used [0x0000000080000000,0x00000000d4b9e748,0x00000000d4c00000)
 Metaspace       used 96743K, committed 98560K, reserved 1179648K
  class space    used 9797K, committed 10688K, reserved 1048576K
}
Event: 9683.323 GC heap before
{Heap before GC invocations=3861 (full 6):
 PSYoungGen      total 7680K, used 7098K [0x00000000d5580000, 0x00000000d5f80000, 0x0000000100000000)
  eden space 6144K, 100% used [0x00000000d5580000,0x00000000d5b80000,0x00000000d5b80000)
  from space 1536K, 62% used [0x00000000d5c80000,0x00000000d5d6e900,0x00000000d5e00000)
  to   space 1536K, 0% used [0x00000000d5e00000,0x00000000d5e00000,0x00000000d5f80000)
 ParOldGen       total 1388544K, used 1388153K [0x0000000080000000, 0x00000000d4c00000, 0x00000000d5580000)
  object space 1388544K, 99% used [0x0000000080000000,0x00000000d4b9e748,0x00000000d4c00000)
 Metaspace       used 96743K, committed 98560K, reserved 1179648K
  class space    used 9797K, committed 10688K, reserved 1048576K
}
Event: 9683.329 GC heap after
{Heap after GC invocations=3861 (full 6):
 PSYoungGen      total 7168K, used 768K [0x00000000d5580000, 0x00000000d5f00000, 0x0000000100000000)
  eden space 6144K, 0% used [0x00000000d5580000,0x00000000d5580000,0x00000000d5b80000)
  from space 1024K, 75% used [0x00000000d5e00000,0x00000000d5ec0020,0x00000000d5f00000)
  to   space 1024K, 0% used [0x00000000d5d00000,0x00000000d5d00000,0x00000000d5e00000)
 ParOldGen       total 1389056K, used 1389009K [0x0000000080000000, 0x00000000d4c80000, 0x00000000d5580000)
  object space 1389056K, 99% used [0x0000000080000000,0x00000000d4c745e0,0x00000000d4c80000)
 Metaspace       used 96743K, committed 98560K, reserved 1179648K
  class space    used 9797K, committed 10688K, reserved 1048576K
}
Event: 9683.370 GC heap before
{Heap before GC invocations=3862 (full 6):
 PSYoungGen      total 7168K, used 6912K [0x00000000d5580000, 0x00000000d5f00000, 0x0000000100000000)
  eden space 6144K, 100% used [0x00000000d5580000,0x00000000d5b80000,0x00000000d5b80000)
  from space 1024K, 75% used [0x00000000d5e00000,0x00000000d5ec0020,0x00000000d5f00000)
  to   space 1024K, 0% used [0x00000000d5d00000,0x00000000d5d00000,0x00000000d5e00000)
 ParOldGen       total 1389056K, used 1389009K [0x0000000080000000, 0x00000000d4c80000, 0x00000000d5580000)
  object space 1389056K, 99% used [0x0000000080000000,0x00000000d4c745e0,0x00000000d4c80000)
 Metaspace       used 96743K, committed 98560K, reserved 1179648K
  class space    used 9797K, committed 10688K, reserved 1048576K
}
Event: 9683.375 GC heap after
{Heap after GC invocations=3862 (full 6):
 PSYoungGen      total 7168K, used 736K [0x00000000d5580000, 0x00000000d5e80000, 0x0000000100000000)
  eden space 6144K, 0% used [0x00000000d5580000,0x00000000d5580000,0x00000000d5b80000)
  from space 1024K, 71% used [0x00000000d5d00000,0x00000000d5db8020,0x00000000d5e00000)
  to   space 512K, 0% used [0x00000000d5e00000,0x00000000d5e00000,0x00000000d5e80000)
 ParOldGen       total 1390080K, used 1389641K [0x0000000080000000, 0x00000000d4d80000, 0x00000000d5580000)
  object space 1390080K, 99% used [0x0000000080000000,0x00000000d4d12640,0x00000000d4d80000)
 Metaspace       used 96743K, committed 98560K, reserved 1179648K
  class space    used 9797K, committed 10688K, reserved 1048576K
}
Event: 9683.425 GC heap before
{Heap before GC invocations=3863 (full 6):
 PSYoungGen      total 7168K, used 6880K [0x00000000d5580000, 0x00000000d5e80000, 0x0000000100000000)
  eden space 6144K, 100% used [0x00000000d5580000,0x00000000d5b80000,0x00000000d5b80000)
  from space 1024K, 71% used [0x00000000d5d00000,0x00000000d5db8020,0x00000000d5e00000)
  to   space 512K, 0% used [0x00000000d5e00000,0x00000000d5e00000,0x00000000d5e80000)
 ParOldGen       total 1390080K, used 1389641K [0x0000000080000000, 0x00000000d4d80000, 0x00000000d5580000)
  object space 1390080K, 99% used [0x0000000080000000,0x00000000d4d12640,0x00000000d4d80000)
 Metaspace       used 96743K, committed 98560K, reserved 1179648K
  class space    used 9797K, committed 10688K, reserved 1048576K
}
Event: 9683.432 GC heap after
{Heap after GC invocations=3863 (full 6):
 PSYoungGen      total 6656K, used 512K [0x00000000d5580000, 0x00000000d5e80000, 0x0000000100000000)
  eden space 6144K, 0% used [0x00000000d5580000,0x00000000d5580000,0x00000000d5b80000)
  from space 512K, 100% used [0x00000000d5e00000,0x00000000d5e80000,0x00000000d5e80000)
  to   space 1536K, 0% used [0x00000000d5b80000,0x00000000d5b80000,0x00000000d5d00000)
 ParOldGen       total 1390592K, used 1390521K [0x0000000080000000, 0x00000000d4e00000, 0x00000000d5580000)
  object space 1390592K, 99% used [0x0000000080000000,0x00000000d4dee418,0x00000000d4e00000)
 Metaspace       used 96743K, committed 98560K, reserved 1179648K
  class space    used 9797K, committed 10688K, reserved 1048576K
}
Event: 13429.730 GC heap before
{Heap before GC invocations=3864 (full 6):
 PSYoungGen      total 6656K, used 6655K [0x00000000d5580000, 0x00000000d5e80000, 0x0000000100000000)
  eden space 6144K, 99% used [0x00000000d5580000,0x00000000d5b7ffd8,0x00000000d5b80000)
  from space 512K, 100% used [0x00000000d5e00000,0x00000000d5e80000,0x00000000d5e80000)
  to   space 1536K, 0% used [0x00000000d5b80000,0x00000000d5b80000,0x00000000d5d00000)
 ParOldGen       total 1390592K, used 1390521K [0x0000000080000000, 0x00000000d4e00000, 0x00000000d5580000)
  object space 1390592K, 99% used [0x0000000080000000,0x00000000d4dee418,0x00000000d4e00000)
 Metaspace       used 96758K, committed 98560K, reserved 1179648K
  class space    used 9797K, committed 10688K, reserved 1048576K
}
Event: 13430.967 GC heap after
{Heap after GC invocations=3864 (full 6):
 PSYoungGen      total 7680K, used 416K [0x00000000d5580000, 0x00000000d5e80000, 0x0000000100000000)
  eden space 6144K, 0% used [0x00000000d5580000,0x00000000d5580000,0x00000000d5b80000)
  from space 1536K, 27% used [0x00000000d5b80000,0x00000000d5be8000,0x00000000d5d00000)
  to   space 1024K, 0% used [0x00000000d5d80000,0x00000000d5d80000,0x00000000d5e80000)
 ParOldGen       total 1391104K, used 1390977K [0x0000000080000000, 0x00000000d4e80000, 0x00000000d5580000)
  object space 1391104K, 99% used [0x0000000080000000,0x00000000d4e60418,0x00000000d4e80000)
 Metaspace       used 96758K, committed 98560K, reserved 1179648K
  class space    used 9797K, committed 10688K, reserved 1048576K
}

Dll operation events (14 events):
Event: 0.023 Loaded shared library c:\Users\HP\.qoder\extensions\redhat.java-1.50.0-win32-x64\jre\21.0.9-win32-x86_64\bin\java.dll
Event: 0.190 Loaded shared library c:\Users\HP\.qoder\extensions\redhat.java-1.50.0-win32-x64\jre\21.0.9-win32-x86_64\bin\zip.dll
Event: 0.231 Loaded shared library C:\Users\HP\.qoder\extensions\redhat.java-1.50.0-win32-x64\jre\21.0.9-win32-x86_64\bin\instrument.dll
Event: 0.241 Loaded shared library C:\Users\HP\.qoder\extensions\redhat.java-1.50.0-win32-x64\jre\21.0.9-win32-x86_64\bin\net.dll
Event: 0.246 Loaded shared library C:\Users\HP\.qoder\extensions\redhat.java-1.50.0-win32-x64\jre\21.0.9-win32-x86_64\bin\nio.dll
Event: 0.253 Loaded shared library C:\Users\HP\.qoder\extensions\redhat.java-1.50.0-win32-x64\jre\21.0.9-win32-x86_64\bin\zip.dll
Event: 0.287 Loaded shared library C:\Users\HP\.qoder\extensions\redhat.java-1.50.0-win32-x64\jre\21.0.9-win32-x86_64\bin\jimage.dll
Event: 0.414 Loaded shared library c:\Users\HP\.qoder\extensions\redhat.java-1.50.0-win32-x64\jre\21.0.9-win32-x86_64\bin\verify.dll
Event: 11.810 Loaded shared library C:\Users\HP\AppData\Roaming\Qoder\User\globalStorage\redhat.java\1.50.0\config_win\org.eclipse.equinox.launcher\org.eclipse.equinox.launcher.win32.win32.x86_64_1.2.1400.v20250801-0854\eclipse_11916.dll
Event: 20.728 Loaded shared library C:\Users\HP\.qoder\extensions\redhat.java-1.50.0-win32-x64\jre\21.0.9-win32-x86_64\bin\management.dll
Event: 20.782 Loaded shared library C:\Users\HP\.qoder\extensions\redhat.java-1.50.0-win32-x64\jre\21.0.9-win32-x86_64\bin\management_ext.dll
Event: 22.749 Loaded shared library C:\Users\HP\AppData\Local\Temp\jna-2312\jna8984327782157588018.dll
Event: 22.920 Loaded shared library C:\Users\HP\.qoder\extensions\redhat.java-1.50.0-win32-x64\jre\21.0.9-win32-x86_64\bin\sunmscapi.dll
Event: 23.439 Loaded shared library C:\Users\HP\.qoder\extensions\redhat.java-1.50.0-win32-x64\jre\21.0.9-win32-x86_64\bin\extnet.dll

Deoptimization events (20 events):
Event: 9678.432 Thread 0x000002887c0f42b0 Uncommon trap: trap_request=0xffffff45 fr.pc=0x0000028825446704 relative=0x0000000000002624
Event: 9678.432 Thread 0x000002887c0f42b0 Uncommon trap: reason=unstable_if action=reinterpret pc=0x0000028825446704 method=org.eclipse.jdt.internal.core.dom.rewrite.RewriteEventStore.getNodeCopySources(Lorg/eclipse/jdt/core/dom/ASTNode;)[Lorg/eclipse/jdt/internal/core/dom/rewrite/RewriteEventSto
Event: 9678.432 Thread 0x000002887c0f42b0 DEOPT PACKING pc=0x0000028825446704 sp=0x00000091f9efe430
Event: 9678.432 Thread 0x000002887c0f42b0 DEOPT UNPACKING pc=0x00000288241d3aa2 sp=0x00000091f9efe1d8 mode 2
Event: 9678.853 Thread 0x000002887c0f2870 Uncommon trap: trap_request=0xffffffbe fr.pc=0x00000288263629b0 relative=0x0000000000000590
Event: 9678.853 Thread 0x000002887c0f2870 Uncommon trap: reason=profile_predicate action=maybe_recompile pc=0x00000288263629b0 method=java.util.regex.Pattern$BnM.match(Ljava/util/regex/Matcher;ILjava/lang/CharSequence;)Z @ 34 c2
Event: 9678.853 Thread 0x000002887c0f2870 DEOPT PACKING pc=0x00000288263629b0 sp=0x00000091f97fe720
Event: 9678.854 Thread 0x000002887c0f2870 DEOPT UNPACKING pc=0x00000288241d3aa2 sp=0x00000091f97fe6b8 mode 2
Event: 9681.582 Thread 0x000002887c0f6380 Uncommon trap: trap_request=0xffffff45 fr.pc=0x00000288248f125c relative=0x00000000000008bc
Event: 9681.583 Thread 0x000002887c0f6380 Uncommon trap: reason=unstable_if action=reinterpret pc=0x00000288248f125c method=org.eclipse.jdt.internal.compiler.lookup.BinaryTypeBinding.getExactMethod([C[Lorg/eclipse/jdt/internal/compiler/lookup/TypeBinding;Lorg/eclipse/jdt/internal/compiler/lookup/
Event: 9681.583 Thread 0x000002887c0f6380 DEOPT PACKING pc=0x00000288248f125c sp=0x00000091fb3fdfd0
Event: 9681.584 Thread 0x000002887c0f6380 DEOPT UNPACKING pc=0x00000288241d3aa2 sp=0x00000091fb3fdf58 mode 2
Event: 9682.312 Thread 0x000002887afe2990 Uncommon trap: trap_request=0xffffffd6 fr.pc=0x00000288247a71c8 relative=0x00000000000001a8
Event: 9682.312 Thread 0x000002887afe2990 Uncommon trap: reason=array_check action=maybe_recompile pc=0x00000288247a71c8 method=java.util.Arrays.fill([Ljava/lang/Object;IILjava/lang/Object;)V @ 20 c2
Event: 9682.312 Thread 0x000002887afe2990 DEOPT PACKING pc=0x00000288247a71c8 sp=0x00000091fb7fef90
Event: 9682.313 Thread 0x000002887afe2990 DEOPT UNPACKING pc=0x00000288241d3aa2 sp=0x00000091fb7fef38 mode 2
Event: 10304.003 Thread 0x000002887c0f3c20 Uncommon trap: trap_request=0xffffff45 fr.pc=0x0000028825139690 relative=0x00000000000007f0
Event: 10304.003 Thread 0x000002887c0f3c20 Uncommon trap: reason=unstable_if action=reinterpret pc=0x0000028825139690 method=java.util.concurrent.ForkJoinPool.awaitWork(Ljava/util/concurrent/ForkJoinPool$WorkQueue;)I @ 128 c2
Event: 10304.004 Thread 0x000002887c0f3c20 DEOPT PACKING pc=0x0000028825139690 sp=0x00000091f76ff080
Event: 10304.005 Thread 0x000002887c0f3c20 DEOPT UNPACKING pc=0x00000288241d3aa2 sp=0x00000091f76ff000 mode 2

Classes loaded (20 events):
Event: 4746.048 Loading class jdk/internal/module/IllegalAccessLogger
Event: 4746.048 Loading class jdk/internal/module/IllegalAccessLogger done
Event: 4752.430 Loading class jdk/internal/module/IllegalAccessLogger
Event: 4752.430 Loading class jdk/internal/module/IllegalAccessLogger done
Event: 4755.893 Loading class jdk/internal/module/IllegalAccessLogger
Event: 4755.893 Loading class jdk/internal/module/IllegalAccessLogger done
Event: 4758.929 Loading class jdk/internal/module/IllegalAccessLogger
Event: 4758.929 Loading class jdk/internal/module/IllegalAccessLogger done
Event: 4770.946 Loading class java/lang/Throwable$WrappedPrintWriter
Event: 4770.950 Loading class java/lang/Throwable$PrintStreamOrWriter
Event: 4770.952 Loading class java/lang/Throwable$PrintStreamOrWriter done
Event: 4770.952 Loading class java/lang/Throwable$WrappedPrintWriter done
Event: 6464.165 Loading class jdk/internal/module/IllegalAccessLogger
Event: 6464.166 Loading class jdk/internal/module/IllegalAccessLogger done
Event: 6532.558 Loading class jdk/internal/module/IllegalAccessLogger
Event: 6532.560 Loading class jdk/internal/module/IllegalAccessLogger done
Event: 6552.969 Loading class jdk/internal/module/IllegalAccessLogger
Event: 6552.970 Loading class jdk/internal/module/IllegalAccessLogger done
Event: 9681.546 Loading class jdk/internal/module/IllegalAccessLogger
Event: 9681.547 Loading class jdk/internal/module/IllegalAccessLogger done

Classes unloaded (20 events):
Event: 4733.664 Thread 0x00000288199e2f70 Unloading class 0x0000028832016400 'java/lang/invoke/LambdaForm$MH+0x0000028832016400'
Event: 4733.665 Thread 0x00000288199e2f70 Unloading class 0x000002883200d800 'java/lang/invoke/LambdaForm$MH+0x000002883200d800'
Event: 4733.666 Thread 0x00000288199e2f70 Unloading class 0x000002883200d400 'java/lang/invoke/LambdaForm$MH+0x000002883200d400'
Event: 4733.666 Thread 0x00000288199e2f70 Unloading class 0x000002883200d000 'java/lang/invoke/LambdaForm$MH+0x000002883200d000'
Event: 4733.666 Thread 0x00000288199e2f70 Unloading class 0x000002883200cc00 'java/lang/invoke/LambdaForm$MH+0x000002883200cc00'
Event: 4733.666 Thread 0x00000288199e2f70 Unloading class 0x000002883200c800 'java/lang/invoke/LambdaForm$BMH+0x000002883200c800'
Event: 4733.666 Thread 0x00000288199e2f70 Unloading class 0x000002883200c000 'java/lang/invoke/LambdaForm$DMH+0x000002883200c000'
Event: 4733.666 Thread 0x00000288199e2f70 Unloading class 0x0000028832008c00 'java/lang/invoke/LambdaForm$MH+0x0000028832008c00'
Event: 4733.666 Thread 0x00000288199e2f70 Unloading class 0x0000028832008800 'java/lang/invoke/LambdaForm$MH+0x0000028832008800'
Event: 4733.666 Thread 0x00000288199e2f70 Unloading class 0x0000028832008400 'java/lang/invoke/LambdaForm$MH+0x0000028832008400'
Event: 4733.666 Thread 0x00000288199e2f70 Unloading class 0x0000028832007000 'java/lang/invoke/LambdaForm$MH+0x0000028832007000'
Event: 4733.666 Thread 0x00000288199e2f70 Unloading class 0x0000028832006800 'java/lang/invoke/LambdaForm$MH+0x0000028832006800'
Event: 4733.666 Thread 0x00000288199e2f70 Unloading class 0x0000028832006400 'java/lang/invoke/LambdaForm$MH+0x0000028832006400'
Event: 4733.666 Thread 0x00000288199e2f70 Unloading class 0x0000028832006000 'java/lang/invoke/LambdaForm$MH+0x0000028832006000'
Event: 4733.666 Thread 0x00000288199e2f70 Unloading class 0x0000028832005c00 'java/lang/invoke/LambdaForm$BMH+0x0000028832005c00'
Event: 4733.666 Thread 0x00000288199e2f70 Unloading class 0x0000028832004800 'java/lang/invoke/LambdaForm$DMH+0x0000028832004800'
Event: 4733.667 Thread 0x00000288199e2f70 Unloading class 0x0000028832002400 'java/lang/invoke/LambdaForm$MH+0x0000028832002400'
Event: 4733.667 Thread 0x00000288199e2f70 Unloading class 0x0000028832002000 'java/lang/invoke/LambdaForm$MH+0x0000028832002000'
Event: 4733.667 Thread 0x00000288199e2f70 Unloading class 0x0000028832001800 'java/lang/invoke/LambdaForm$MH+0x0000028832001800'
Event: 4733.667 Thread 0x00000288199e2f70 Unloading class 0x0000028832000400 'java/lang/invoke/LambdaForm$MH+0x0000028832000400'

Classes redefined (0 events):
No events

Internal exceptions (20 events):
Event: 6627.302 Thread 0x000002887c0f4940 Implicit null exception at 0x000002882499708e to 0x0000028824997135
Event: 6627.340 Thread 0x000002887c0f4940 Exception <a 'sun/nio/fs/WindowsException'{0x00000000d580f830}> (0x00000000d580f830) 
thrown [s\src\hotspot\share\prims\jni.cpp, line 520]
Event: 6627.340 Thread 0x000002887c0f4940 Exception <a 'sun/nio/fs/WindowsException'{0x00000000d5810560}> (0x00000000d5810560) 
thrown [s\src\hotspot\share\prims\jni.cpp, line 520]
Event: 6627.344 Thread 0x000002887c0f4940 Exception <a 'sun/nio/fs/WindowsException'{0x00000000d5811950}> (0x00000000d5811950) 
thrown [s\src\hotspot\share\prims\jni.cpp, line 520]
Event: 6627.344 Thread 0x000002887c0f4940 Exception <a 'sun/nio/fs/WindowsException'{0x00000000d5812418}> (0x00000000d5812418) 
thrown [s\src\hotspot\share\prims\jni.cpp, line 520]
Event: 6627.353 Thread 0x000002887c0f4940 Exception <a 'sun/nio/fs/WindowsException'{0x00000000d58141e8}> (0x00000000d58141e8) 
thrown [s\src\hotspot\share\prims\jni.cpp, line 520]
Event: 6627.353 Thread 0x000002887c0f4940 Exception <a 'sun/nio/fs/WindowsException'{0x00000000d5814a00}> (0x00000000d5814a00) 
thrown [s\src\hotspot\share\prims\jni.cpp, line 520]
Event: 6627.363 Thread 0x000002887c0f4940 Exception <a 'sun/nio/fs/WindowsException'{0x00000000d58311b0}> (0x00000000d58311b0) 
thrown [s\src\hotspot\share\prims\jni.cpp, line 520]
Event: 6627.364 Thread 0x000002887c0f4940 Exception <a 'sun/nio/fs/WindowsException'{0x00000000d5831f38}> (0x00000000d5831f38) 
thrown [s\src\hotspot\share\prims\jni.cpp, line 520]
Event: 6628.930 Thread 0x000002887a9be390 Exception <a 'sun/nio/fs/WindowsException'{0x00000000d597d988}> (0x00000000d597d988) 
thrown [s\src\hotspot\share\prims\jni.cpp, line 520]
Event: 6628.930 Thread 0x000002887a9be390 Exception <a 'sun/nio/fs/WindowsException'{0x00000000d597dff0}> (0x00000000d597dff0) 
thrown [s\src\hotspot\share\prims\jni.cpp, line 520]
Event: 6762.715 Thread 0x000002887afe08c0 Exception <a 'sun/nio/fs/WindowsException'{0x00000000d5b33d90}> (0x00000000d5b33d90) 
thrown [s\src\hotspot\share\prims\jni.cpp, line 520]
Event: 6762.718 Thread 0x000002887afe08c0 Exception <a 'sun/nio/fs/WindowsException'{0x00000000d5b34858}> (0x00000000d5b34858) 
thrown [s\src\hotspot\share\prims\jni.cpp, line 520]
Event: 9678.432 Thread 0x000002887c0f42b0 Implicit null exception at 0x00000288254442c5 to 0x00000288254466dc
Event: 9680.399 Thread 0x0000028873b4c8a0 Exception <a 'sun/nio/fs/WindowsException'{0x00000000d569b8c0}> (0x00000000d569b8c0) 
thrown [s\src\hotspot\share\prims\jni.cpp, line 520]
Event: 9681.024 Thread 0x0000028873b4c8a0 Exception <a 'sun/nio/fs/WindowsException'{0x00000000d57776b8}> (0x00000000d57776b8) 
thrown [s\src\hotspot\share\prims\jni.cpp, line 520]
Event: 9980.595 Thread 0x000002887a9c1ea0 Exception <a 'sun/nio/fs/WindowsException'{0x00000000d5754350}> (0x00000000d5754350) 
thrown [s\src\hotspot\share\prims\jni.cpp, line 520]
Event: 9980.603 Thread 0x000002887a9c1ea0 Exception <a 'sun/nio/fs/WindowsException'{0x00000000d5754e18}> (0x00000000d5754e18) 
thrown [s\src\hotspot\share\prims\jni.cpp, line 520]
Event: 10303.692 Thread 0x000002887c0f42b0 Exception <a 'sun/nio/fs/WindowsException'{0x00000000d5a410b0}> (0x00000000d5a410b0) 
thrown [s\src\hotspot\share\prims\jni.cpp, line 520]
Event: 10303.704 Thread 0x000002887c0f42b0 Exception <a 'sun/nio/fs/WindowsException'{0x00000000d5a41b98}> (0x00000000d5a41b98) 
thrown [s\src\hotspot\share\prims\jni.cpp, line 520]

ZGC Phase Switch (0 events):
No events

VM Operations (20 events):
Event: 13489.309 Executing VM operation: HandshakeAllThreads (HandshakeForDeflation)
Event: 13489.325 Executing VM operation: HandshakeAllThreads (HandshakeForDeflation) done
Event: 13489.325 Executing VM operation: RendezvousGCThreads
Event: 13489.325 Executing VM operation: RendezvousGCThreads done
Event: 13549.305 Executing VM operation: HandshakeAllThreads (HandshakeForDeflation)
Event: 13549.305 Executing VM operation: HandshakeAllThreads (HandshakeForDeflation) done
Event: 13549.305 Executing VM operation: RendezvousGCThreads
Event: 13549.305 Executing VM operation: RendezvousGCThreads done
Event: 13609.492 Executing VM operation: HandshakeAllThreads (HandshakeForDeflation)
Event: 13609.496 Executing VM operation: HandshakeAllThreads (HandshakeForDeflation) done
Event: 13609.496 Executing VM operation: RendezvousGCThreads
Event: 13609.496 Executing VM operation: RendezvousGCThreads done
Event: 13669.607 Executing VM operation: HandshakeAllThreads (HandshakeForDeflation)
Event: 13669.608 Executing VM operation: HandshakeAllThreads (HandshakeForDeflation) done
Event: 13669.608 Executing VM operation: RendezvousGCThreads
Event: 13669.608 Executing VM operation: RendezvousGCThreads done
Event: 13789.809 Executing VM operation: HandshakeAllThreads (HandshakeForDeflation)
Event: 13789.814 Executing VM operation: HandshakeAllThreads (HandshakeForDeflation) done
Event: 13789.815 Executing VM operation: RendezvousGCThreads
Event: 13789.815 Executing VM operation: RendezvousGCThreads done

Memory protections (0 events):
No events

Nmethod flushes (20 events):
Event: 4737.293 Thread 0x00000288199e2f70 flushing  nmethod 0x000002881fe00890
Event: 4737.293 Thread 0x00000288199e2f70 flushing  nmethod 0x000002881fe00f90
Event: 4737.293 Thread 0x00000288199e2f70 flushing  nmethod 0x000002881fe01510
Event: 4737.293 Thread 0x00000288199e2f70 flushing  nmethod 0x000002881fe02d90
Event: 4737.293 Thread 0x00000288199e2f70 flushing  nmethod 0x000002881fe04010
Event: 4737.293 Thread 0x00000288199e2f70 flushing  nmethod 0x000002881fe1a090
Event: 4737.293 Thread 0x00000288199e2f70 flushing  nmethod 0x000002881fe1d790
Event: 4737.293 Thread 0x00000288199e2f70 flushing  nmethod 0x000002881fe1e610
Event: 4737.293 Thread 0x00000288199e2f70 flushing  nmethod 0x000002881fe1f390
Event: 4737.293 Thread 0x00000288199e2f70 flushing  nmethod 0x000002881fe20210
Event: 4737.293 Thread 0x00000288199e2f70 flushing  nmethod 0x000002881fe23990
Event: 4737.293 Thread 0x00000288199e2f70 flushing  nmethod 0x000002881fe2e910
Event: 4737.293 Thread 0x00000288199e2f70 flushing  nmethod 0x000002881fe30b10
Event: 4737.294 Thread 0x00000288199e2f70 flushing  nmethod 0x000002881fe32b10
Event: 4737.294 Thread 0x00000288199e2f70 flushing  nmethod 0x000002881fe64c10
Event: 4737.294 Thread 0x00000288199e2f70 flushing  nmethod 0x000002881feaab10
Event: 4737.294 Thread 0x00000288199e2f70 flushing  nmethod 0x000002881feaf990
Event: 4737.294 Thread 0x00000288199e2f70 flushing  nmethod 0x000002881ff41b10
Event: 4737.294 Thread 0x00000288199e2f70 flushing  nmethod 0x000002882006a890
Event: 4737.294 Thread 0x00000288199e2f70 flushing  nmethod 0x000002882009d890

Events (20 events):
Event: 9923.702 Thread 0x000002887a9c38e0 Thread exited: 0x000002887a9c38e0
Event: 9980.687 Thread 0x000002887a9c1ea0 Thread added: 0x000002887c0f2870
Event: 9980.719 Thread 0x000002887c0f2870 Thread exited: 0x000002887c0f2870
Event: 9981.067 Thread 0x000002887c0f7730 Thread exited: 0x000002887c0f7730
Event: 9981.113 Thread 0x000002887a9c1ea0 Thread added: 0x000002887c0f5660
Event: 9981.114 Thread 0x000002887c0f5660 Thread exited: 0x000002887c0f5660
Event: 9982.719 Thread 0x000002887afe08c0 Thread added: 0x000002887c0f42b0
Event: 9982.721 Thread 0x000002887a9c1ea0 Thread added: 0x000002887c0f2870
Event: 9983.702 Thread 0x000002887c0f07a0 Thread exited: 0x000002887c0f07a0
Event: 10042.754 Thread 0x000002887c0f2870 Thread exited: 0x000002887c0f2870
Event: 10042.785 Thread 0x000002887afe08c0 Thread exited: 0x000002887afe08c0
Event: 10043.748 Thread 0x000002887a9c3250 Thread exited: 0x000002887a9c3250
Event: 10103.775 Thread 0x000002887c0f3c20 Thread exited: 0x000002887c0f3c20
Event: 10163.885 Thread 0x000002887c0f0e30 Thread exited: 0x000002887c0f0e30
Event: 10303.896 Thread 0x000002887c0f42b0 Thread added: 0x000002887c0f3c20
Event: 10304.024 Thread 0x000002887c0f3c20 Thread exited: 0x000002887c0f3c20
Event: 10304.750 Thread 0x000002887c0f42b0 Thread added: 0x000002887c0f07a0
Event: 10304.754 Thread 0x000002887c0f07a0 Thread exited: 0x000002887c0f07a0
Event: 13440.742 Thread 0x000002887c0f42b0 Thread added: 0x000002887c0f3590
Event: 13681.250 Thread 0x000002887a9c1ea0 Thread exited: 0x000002887a9c1ea0


Dynamic libraries:
0x00007ff63eec0000 - 0x00007ff63eece000 	c:\Users\HP\.qoder\extensions\redhat.java-1.50.0-win32-x64\jre\21.0.9-win32-x86_64\bin\java.exe
0x00007fff94640000 - 0x00007fff948a7000 	C:\WINDOWS\SYSTEM32\ntdll.dll
0x00007fff93610000 - 0x00007fff936d9000 	C:\WINDOWS\System32\KERNEL32.DLL
0x00007fff91f50000 - 0x00007fff9233f000 	C:\WINDOWS\System32\KERNELBASE.dll
0x00007fff91a70000 - 0x00007fff91bbb000 	C:\WINDOWS\System32\ucrtbase.dll
0x00007fff8c6e0000 - 0x00007fff8c6f8000 	c:\Users\HP\.qoder\extensions\redhat.java-1.50.0-win32-x64\jre\21.0.9-win32-x86_64\bin\jli.dll
0x00007fff8c700000 - 0x00007fff8c71e000 	c:\Users\HP\.qoder\extensions\redhat.java-1.50.0-win32-x64\jre\21.0.9-win32-x86_64\bin\VCRUNTIME140.dll
0x00007fff92c90000 - 0x00007fff92e55000 	C:\WINDOWS\System32\USER32.dll
0x00007fff79de0000 - 0x00007fff7a073000 	C:\WINDOWS\WinSxS\amd64_microsoft.windows.common-controls_6595b64144ccf1df_6.0.26100.7309_none_3e05feeae336a044\COMCTL32.dll
0x00007fff91c70000 - 0x00007fff91c97000 	C:\WINDOWS\System32\win32u.dll
0x00007fff93b50000 - 0x00007fff93bf9000 	C:\WINDOWS\System32\msvcrt.dll
0x00007fff932a0000 - 0x00007fff932cb000 	C:\WINDOWS\System32\GDI32.dll
0x00007fff91e20000 - 0x00007fff91f4c000 	C:\WINDOWS\System32\gdi32full.dll
0x00007fff91bc0000 - 0x00007fff91c63000 	C:\WINDOWS\System32\msvcp_win.dll
0x00007fff936e0000 - 0x00007fff93711000 	C:\WINDOWS\System32\IMM32.DLL
0x00007fff8c770000 - 0x00007fff8c77c000 	c:\Users\HP\.qoder\extensions\redhat.java-1.50.0-win32-x64\jre\21.0.9-win32-x86_64\bin\vcruntime140_1.dll
0x00007fff73e70000 - 0x00007fff73efd000 	c:\Users\HP\.qoder\extensions\redhat.java-1.50.0-win32-x64\jre\21.0.9-win32-x86_64\bin\msvcp140.dll
0x00007fff254e0000 - 0x00007fff26280000 	c:\Users\HP\.qoder\extensions\redhat.java-1.50.0-win32-x64\jre\21.0.9-win32-x86_64\bin\server\jvm.dll
0x00007fff94180000 - 0x00007fff94234000 	C:\WINDOWS\System32\ADVAPI32.dll
0x00007fff93aa0000 - 0x00007fff93b46000 	C:\WINDOWS\System32\sechost.dll
0x00007fff93980000 - 0x00007fff93a98000 	C:\WINDOWS\System32\RPCRT4.dll
0x00007fff93720000 - 0x00007fff93794000 	C:\WINDOWS\System32\WS2_32.dll
0x00007fff8a7a0000 - 0x00007fff8a7d5000 	C:\WINDOWS\SYSTEM32\WINMM.dll
0x00007fff915f0000 - 0x00007fff9164e000 	C:\WINDOWS\SYSTEM32\POWRPROF.dll
0x00007fff8a7e0000 - 0x00007fff8a7eb000 	C:\WINDOWS\SYSTEM32\VERSION.dll
0x00007fff915d0000 - 0x00007fff915e4000 	C:\WINDOWS\SYSTEM32\UMPDC.dll
0x00007fff90540000 - 0x00007fff9055b000 	C:\WINDOWS\SYSTEM32\kernel.appcore.dll
0x00007fff8c6a0000 - 0x00007fff8c6aa000 	c:\Users\HP\.qoder\extensions\redhat.java-1.50.0-win32-x64\jre\21.0.9-win32-x86_64\bin\jimage.dll
0x00007fff84fa0000 - 0x00007fff851e2000 	C:\WINDOWS\SYSTEM32\DBGHELP.DLL
0x00007fff94250000 - 0x00007fff945d5000 	C:\WINDOWS\System32\combase.dll
0x00007fff923e0000 - 0x00007fff924b6000 	C:\WINDOWS\System32\OLEAUT32.dll
0x00007fff741e0000 - 0x00007fff7421c000 	C:\WINDOWS\SYSTEM32\dbgcore.DLL
0x00007fff91850000 - 0x00007fff918f5000 	C:\WINDOWS\System32\bcryptPrimitives.dll
0x00007fff8c680000 - 0x00007fff8c68f000 	c:\Users\HP\.qoder\extensions\redhat.java-1.50.0-win32-x64\jre\21.0.9-win32-x86_64\bin\instrument.dll
0x00007fff77680000 - 0x00007fff776a0000 	c:\Users\HP\.qoder\extensions\redhat.java-1.50.0-win32-x64\jre\21.0.9-win32-x86_64\bin\java.dll
0x00007fff92530000 - 0x00007fff92c83000 	C:\WINDOWS\System32\SHELL32.dll
0x00007fff91900000 - 0x00007fff91a6a000 	C:\WINDOWS\System32\wintypes.dll
0x00007fff8f390000 - 0x00007fff8fbee000 	C:\WINDOWS\SYSTEM32\windows.storage.dll
0x00007fff93100000 - 0x00007fff931f5000 	C:\WINDOWS\System32\SHCORE.dll
0x00007fff924c0000 - 0x00007fff92526000 	C:\WINDOWS\System32\shlwapi.dll
0x00007fff916b0000 - 0x00007fff916d9000 	C:\WINDOWS\SYSTEM32\profapi.dll
0x00007fff771c0000 - 0x00007fff771d8000 	c:\Users\HP\.qoder\extensions\redhat.java-1.50.0-win32-x64\jre\21.0.9-win32-x86_64\bin\zip.dll
0x00007fff77070000 - 0x00007fff77080000 	C:\Users\HP\.qoder\extensions\redhat.java-1.50.0-win32-x64\jre\21.0.9-win32-x86_64\bin\net.dll
0x00007fff88160000 - 0x00007fff88288000 	C:\WINDOWS\SYSTEM32\WINHTTP.dll
0x00007fff90ab0000 - 0x00007fff90b1b000 	C:\WINDOWS\system32\mswsock.dll
0x00007fff77050000 - 0x00007fff77066000 	C:\Users\HP\.qoder\extensions\redhat.java-1.50.0-win32-x64\jre\21.0.9-win32-x86_64\bin\nio.dll
0x00007fff77040000 - 0x00007fff77050000 	c:\Users\HP\.qoder\extensions\redhat.java-1.50.0-win32-x64\jre\21.0.9-win32-x86_64\bin\verify.dll
0x00007fff6c3d0000 - 0x00007fff6c414000 	C:\Users\HP\AppData\Roaming\Qoder\User\globalStorage\redhat.java\1.50.0\config_win\org.eclipse.equinox.launcher\org.eclipse.equinox.launcher.win32.win32.x86_64_1.2.1400.v20250801-0854\eclipse_11916.dll
0x00007fff92e60000 - 0x00007fff92ff7000 	C:\WINDOWS\System32\ole32.dll
0x00007fff8c720000 - 0x00007fff8c72a000 	C:\Users\HP\.qoder\extensions\redhat.java-1.50.0-win32-x64\jre\21.0.9-win32-x86_64\bin\management.dll
0x00007fff84300000 - 0x00007fff8430c000 	C:\Users\HP\.qoder\extensions\redhat.java-1.50.0-win32-x64\jre\21.0.9-win32-x86_64\bin\management_ext.dll
0x00007fff932d0000 - 0x00007fff932d8000 	C:\WINDOWS\System32\PSAPI.DLL
0x00007fff90d70000 - 0x00007fff90d8b000 	C:\WINDOWS\SYSTEM32\CRYPTSP.dll
0x00007fff904a0000 - 0x00007fff904da000 	C:\WINDOWS\system32\rsaenh.dll
0x00007fff90b60000 - 0x00007fff90b8b000 	C:\WINDOWS\SYSTEM32\USERENV.dll
0x00007fff91680000 - 0x00007fff916aa000 	C:\WINDOWS\SYSTEM32\bcrypt.dll
0x00007fff90d90000 - 0x00007fff90d9c000 	C:\WINDOWS\SYSTEM32\CRYPTBASE.dll
0x00007fff8ff80000 - 0x00007fff8ffb4000 	C:\WINDOWS\SYSTEM32\IPHLPAPI.DLL
0x00007fff94240000 - 0x00007fff9424a000 	C:\WINDOWS\System32\NSI.dll
0x00007fff6c550000 - 0x00007fff6c599000 	C:\Users\HP\AppData\Local\Temp\jna-2312\jna8984327782157588018.dll
0x00007fff88580000 - 0x00007fff8859e000 	C:\WINDOWS\SYSTEM32\dhcpcsvc6.DLL
0x00007fff88510000 - 0x00007fff88533000 	C:\WINDOWS\SYSTEM32\dhcpcsvc.DLL
0x00007fff73710000 - 0x00007fff7371e000 	C:\Users\HP\.qoder\extensions\redhat.java-1.50.0-win32-x64\jre\21.0.9-win32-x86_64\bin\sunmscapi.dll
0x00007fff91ca0000 - 0x00007fff91e17000 	C:\WINDOWS\System32\CRYPT32.dll
0x00007fff90f90000 - 0x00007fff90fc0000 	C:\WINDOWS\SYSTEM32\ncrypt.dll
0x00007fff90f40000 - 0x00007fff90f7f000 	C:\WINDOWS\SYSTEM32\NTASN1.dll
0x00007fff90020000 - 0x00007fff9014c000 	C:\WINDOWS\SYSTEM32\DNSAPI.dll
0x00007fff87d60000 - 0x00007fff87d6b000 	C:\Windows\System32\rasadhlp.dll
0x00007fff8a7f0000 - 0x00007fff8a876000 	C:\WINDOWS\System32\fwpuclnt.dll
0x00007fff77610000 - 0x00007fff77619000 	C:\Users\HP\.qoder\extensions\redhat.java-1.50.0-win32-x64\jre\21.0.9-win32-x86_64\bin\extnet.dll

JVMTI agents:
c:\Users\HP\.qoder\extensions\redhat.java-1.50.0-win32-x64\lombok\lombok-1.18.39-4050.jar path:c:\Users\HP\.qoder\extensions\redhat.java-1.50.0-win32-x64\jre\21.0.9-win32-x86_64\bin\instrument.dll, loaded, initialized, instrumentlib options:none

dbghelp: loaded successfully - version: 4.0.5 - missing functions: none
symbol engine: initialized successfully - sym options: 0x614 - pdb path: .;c:\Users\HP\.qoder\extensions\redhat.java-1.50.0-win32-x64\jre\21.0.9-win32-x86_64\bin;C:\WINDOWS\SYSTEM32;C:\WINDOWS\WinSxS\amd64_microsoft.windows.common-controls_6595b64144ccf1df_6.0.26100.7309_none_3e05feeae336a044;c:\Users\HP\.qoder\extensions\redhat.java-1.50.0-win32-x64\jre\21.0.9-win32-x86_64\bin\server;C:\Users\HP\AppData\Roaming\Qoder\User\globalStorage\redhat.java\1.50.0\config_win\org.eclipse.equinox.launcher\org.eclipse.equinox.launcher.win32.win32.x86_64_1.2.1400.v20250801-0854;C:\Users\HP\AppData\Local\Temp\jna-2312

VM Arguments:
jvm_args: --add-modules=ALL-SYSTEM --add-opens=java.base/java.util=ALL-UNNAMED --add-opens=java.base/java.lang=ALL-UNNAMED --add-opens=java.base/sun.nio.fs=ALL-UNNAMED -Declipse.application=org.eclipse.jdt.ls.core.id1 -Dosgi.bundles.defaultStartLevel=4 -Declipse.product=org.eclipse.jdt.ls.core.product -Djava.import.generatesMetadataFilesAtProjectRoot=false -DDetectVMInstallationsJob.disabled=true -Dfile.encoding=utf8 -XX:+UseParallelGC -XX:GCTimeRatio=4 -XX:AdaptiveSizePolicyWeight=90 -Dsun.zip.disableMemoryMapping=true -Xmx2G -Xms100m -Xlog:disable -javaagent:c:\Users\HP\.qoder\extensions\redhat.java-1.50.0-win32-x64\lombok\lombok-1.18.39-4050.jar -XX:+HeapDumpOnOutOfMemoryError -XX:HeapDumpPath=c:\Users\HP\AppData\Roaming\Qoder\User\workspaceStorage\e35be833d23475d6298164acce94fd9d\redhat.java -Daether.dependencyCollector.impl=bf 
java_command: c:\Users\HP\.qoder\extensions\redhat.java-1.50.0-win32-x64\server\plugins\org.eclipse.equinox.launcher_1.7.100.v20251111-0406.jar -configuration c:\Users\HP\AppData\Roaming\Qoder\User\globalStorage\redhat.java\1.50.0\config_win -data c:\Users\HP\AppData\Roaming\Qoder\User\workspaceStorage\e35be833d23475d6298164acce94fd9d\redhat.java\jdt_ws --pipe=\\.\pipe\lsp-7881cfe43fb3e10ab0662b03c1fd263a-sock
java_class_path (initial): c:\Users\HP\.qoder\extensions\redhat.java-1.50.0-win32-x64\server\plugins\org.eclipse.equinox.launcher_1.7.100.v20251111-0406.jar
Launcher Type: SUN_STANDARD

[Global flags]
    uintx AdaptiveSizePolicyWeight                 = 90                                        {product} {command line}
     intx CICompilerCount                          = 4                                         {product} {ergonomic}
    uintx GCTimeRatio                              = 4                                         {product} {command line}
     bool HeapDumpOnOutOfMemoryError               = true                                   {manageable} {command line}
    ccstr HeapDumpPath                             = c:\Users\HP\AppData\Roaming\Qoder\User\workspaceStorage\e35be833d23475d6298164acce94fd9d\redhat.java         {manageable} {command line}
   size_t InitialHeapSize                          = 104857600                                 {product} {command line}
   size_t MaxHeapSize                              = 2147483648                                {product} {command line}
   size_t MaxNewSize                               = 715653120                                 {product} {ergonomic}
   size_t MinHeapDeltaBytes                        = 524288                                    {product} {ergonomic}
   size_t MinHeapSize                              = 104857600                                 {product} {command line}
   size_t NewSize                                  = 34603008                                  {product} {ergonomic}
    uintx NonNMethodCodeHeapSize                   = 5839372                                {pd product} {ergonomic}
    uintx NonProfiledCodeHeapSize                  = 122909434                              {pd product} {ergonomic}
   size_t OldSize                                  = 70254592                                  {product} {ergonomic}
    uintx ProfiledCodeHeapSize                     = 122909434                              {pd product} {ergonomic}
    uintx ReservedCodeCacheSize                    = 251658240                              {pd product} {ergonomic}
     bool SegmentedCodeCache                       = true                                      {product} {ergonomic}
   size_t SoftMaxHeapSize                          = 2147483648                             {manageable} {ergonomic}
     bool UseCompressedOops                        = true                           {product lp64_product} {ergonomic}
     bool UseLargePagesIndividualAllocation        = false                                  {pd product} {ergonomic}
     bool UseParallelGC                            = true                                      {product} {command line}

Logging:
Log output configuration:
 #0: stdout all=off uptime,level,tags foldmultilines=false
 #1: stderr all=off uptime,level,tags foldmultilines=false

Release file:
JAVA_VERSION="21.0.9" 
MODULES="java.base java.compiler java.datatransfer java.xml java.prefs java.desktop java.instrument java.logging java.management java.security.sasl java.naming java.rmi java.management.rmi java.net.http java.scripting java.security.jgss java.transaction.xa java.sql java.sql.rowset java.xml.crypto java.se java.smartcardio jdk.accessibility jdk.internal.jvmstat jdk.attach jdk.charsets jdk.internal.opt jdk.zipfs jdk.compiler jdk.crypto.ec jdk.crypto.cryptoki jdk.crypto.mscapi jdk.dynalink jdk.internal.ed jdk.editpad jdk.hotspot.agent jdk.httpserver jdk.internal.le jdk.internal.vm.ci jdk.internal.vm.compiler jdk.internal.vm.compiler.management jdk.jartool jdk.javadoc jdk.jcmd jdk.management jdk.management.agent jdk.jconsole jdk.jdeps jdk.jdwp.agent jdk.jdi jdk.jfr jdk.jshell jdk.jsobject jdk.jstatd jdk.localedata jdk.management.jfr jdk.naming.dns jdk.naming.rmi jdk.net jdk.nio.mapmode jdk.random jdk.sctp jdk.security.auth jdk.security.jgss jdk.unsupported jdk.unsupported.desktop jdk.xml.dom" 

Environment Variables:
PATH=C:\Program Files\Common Files\Oracle\Java\javapath;C:\windows\system32;C:\windows;C:\windows\System32\Wbem;C:\windows\System32\WindowsPowerShell\v1.0\;C:\windows\System32\OpenSSH\;C:\MinGW\bin;C:\Program Files\HP\HP One Agent;C:\Program Files\Git\cmd;;C:\WINDOWS\system32;C:\WINDOWS;C:\WINDOWS\System32\Wbem;C:\WINDOWS\System32\WindowsPowerShell\v1.0\;C:\WINDOWS\System32\OpenSSH\;C:\Program Files\nodejs\;C:\ProgramData\chocolatey\bin;C:\Program Files (x86)\cloudflared\;C:\Users\HP\AppData\Local\Microsoft\WindowsApps;C:\Users\HP\AppData\Local\Programs\Microsoft VS Code\bin;C:\mingw64\bin;C:\Users\HP\AppData\Roaming\npm;C:\Users\HP\bin;C:\Users\HP\bin;C:\Users\HP\bin;C:\Users\HP\AppData\Local\Programs\Qoder\bin
USERNAME=HP
OS=Windows_NT
PROCESSOR_IDENTIFIER=AMD64 Family 23 Model 104 Stepping 1, AuthenticAMD
TMP=C:\Users\HP\AppData\Local\Temp
TEMP=C:\Users\HP\AppData\Local\Temp




Periodic native trim disabled

---------------  S Y S T E M  ---------------

OS:
 Windows 11 , 64 bit Build 26100 (10.0.26100.7309)
OS uptime: 2 days 10:06 hours
Hyper-V role detected

CPU: total 12 (initial active 12) (12 cores per cpu, 2 threads per core) family 23 model 104 stepping 1 microcode 0x8608104, cx8, cmov, fxsr, ht, mmx, 3dnowpref, sse, sse2, sse3, ssse3, sse4a, sse4.1, sse4.2, popcnt, lzcnt, tsc, tscinvbit, avx, avx2, aes, clmul, bmi1, bmi2, adx, sha, fma, vzeroupper, clflush, clflushopt, hv, rdtscp, rdpid, f16c
Processor Information for the first 12 processors :
  Max Mhz: 2100, Current Mhz: 1686, Mhz Limit: 2100

Memory: 4k page, system-wide physical 7502M (373M free)
TotalPageFile size 30030M (AvailPageFile size 13M)
current process WorkingSet (physical memory assigned to process): 8M, peak: 1400M
current process commit charge ("private bytes"): 1803M, peak: 1817M

vm_info: OpenJDK 64-Bit Server VM (21.0.9+10-LTS) for windows-amd64 JRE (21.0.9+10-LTS), built on 2025-10-21T00:00:00Z by "admin" with unknown MS VC++:1942

END.
